src/pages/admin/AdminPackages.tsx(36,1): error TS6133: 'ScrollArea' is declared but its value is never read.
src/pages/admin/AdminStatistics.tsx(103,18): error TS2304: Cannot find name 'Button'.
src/pages/admin/AdminStatistics.tsx(116,19): error TS2304: Cannot find name 'Button'.
src/pages/admin/AdminUsers.tsx(9,3): error TS6133: 'Ban' is declared but its value is never read.
src/pages/admin/AdminUsers.tsx(10,3): error TS6133: 'CheckCircle' is declared but its value is never read.
src/pages/admin/AdminUsers.tsx(13,3): error TS6133: 'Eye' is declared but its value is never read.
src/pages/admin/AdminUsers.tsx(20,3): error TS6133: 'AlertCircle' is declared but its value is never read.
src/pages/admin/AdminUsers.tsx(21,3): error TS6133: 'Clock' is declared but its value is never read.
src/pages/admin/AdminUsers.tsx(22,3): error TS6133: 'ChevronRight' is declared but its value is never read.
src/pages/admin/AdminUsers.tsx(25,34): error TS6196: 'Order' is declared but never used.
src/pages/admin/AdminUsers.tsx(30,3): error TS6133: 'DialogHeader' is declared but its value is never read.
src/pages/admin/AdminUsers.tsx(42,3): error TS6133: 'DropdownMenuLabel' is declared but its value is never read.
src/pages/admin/AdminUsers.tsx(43,3): error TS6133: 'DropdownMenuSeparator' is declared but its value is never read.
src/pages/admin/AdminUsers.tsx(406,47): error TS2345: Argument of type 'string | undefined' is not assignable to parameter of type 'string | Date'.
  Type 'undefined' is not assignable to type 'string | Date'.
src/pages/MyPackagesPage.tsx(298,37): error TS2339: Property 'createdAt' does not exist on type 'PackagePurchaseRequest'.
src/pages/MyPackagesPage.tsx(299,37): error TS2339: Property 'createdAt' does not exist on type 'PackagePurchaseRequest'.
src/pages/MyPackagesPage.tsx(320,46): error TS2339: Property 'createdAt' does not exist on type 'PackagePurchaseRequest'.
